
R version 3.6.2 (2019-12-12) -- "Dark and Stormy Night"
Copyright (C) 2019 The R Foundation for Statistical Computing
Platform: i386-w64-mingw32/i386 (32-bit)

R is free software and comes with ABSOLUTELY NO WARRANTY.
You are welcome to redistribute it under certain conditions.
Type 'license()' or 'licence()' for distribution details.

  Natural language support but running in an English locale

R is a collaborative project with many contributors.
Type 'contributors()' for more information and
'citation()' on how to cite R or R packages in publications.

Type 'demo()' for some demos, 'help()' for on-line help, or
'help.start()' for an HTML browser interface to help.
Type 'q()' to quit R.

> climate = read.csv('climate_change.csv')
> str(climate)
'data.frame':   308 obs. of  11 variables:
 $ Year    : int  1983 1983 1983 1983 1983 1983 1983 1983 1984 1984 ...
 $ Month   : int  5 6 7 8 9 10 11 12 1 2 ...
 $ MEI     : num  2.556 2.167 1.741 1.13 0.428 ...
 $ CO2     : num  346 346 344 342 340 ...
 $ CH4     : num  1639 1634 1633 1631 1648 ...
 $ N2O     : num  304 304 304 304 304 ...
 $ CFC.11  : num  191 192 193 194 194 ...
 $ CFC.12  : num  350 352 354 356 357 ...
 $ TSI     : num  1366 1366 1366 1366 1366 ...
 $ Aerosols: num  0.0863 0.0794 0.0731 0.0673 0.0619 0.0569 0.0524 0.0486 0.0451 0.0416 ...
 $ Temp    : num  0.109 0.118 0.137 0.176 0.149 0.093 0.232 0.078 0.089 0.013 ...
> c_train = subset(climate,Year<=2006)
> c_test = subset(climate, Year>2006)
> model1 = lm(Temp ~ MEI + CO2 + CH4 + N2O + CFC.11 + CFC.12 +TSI + Aerosols,data=c_train)
> summary(model1)

Call:
lm(formula = Temp ~ MEI + CO2 + CH4 + N2O + CFC.11 + CFC.12 + 
    TSI + Aerosols, data = c_train)

Residuals:
     Min       1Q   Median       3Q      Max 
-0.25888 -0.05913 -0.00082  0.05649  0.32433 

Coefficients:
              Estimate Std. Error t value Pr(>|t|)    
(Intercept) -1.246e+02  1.989e+01  -6.265 1.43e-09 ***
MEI          6.421e-02  6.470e-03   9.923  < 2e-16 ***
CO2          6.457e-03  2.285e-03   2.826  0.00505 ** 
CH4          1.240e-04  5.158e-04   0.240  0.81015    
N2O         -1.653e-02  8.565e-03  -1.930  0.05467 .  
CFC.11      -6.631e-03  1.626e-03  -4.078 5.96e-05 ***
CFC.12       3.808e-03  1.014e-03   3.757  0.00021 ***
TSI          9.314e-02  1.475e-02   6.313 1.10e-09 ***
Aerosols    -1.538e+00  2.133e-01  -7.210 5.41e-12 ***
---
Signif. codes:  0 ‘***’ 0.001 ‘**’ 0.01 ‘*’ 0.05 ‘.’ 0.1 ‘ ’ 1

Residual standard error: 0.09171 on 275 degrees of freedom
Multiple R-squared:  0.7509,    Adjusted R-squared:  0.7436 
F-statistic: 103.6 on 8 and 275 DF,  p-value: < 2.2e-16

> cor(model1)
Error in cor(model1) : supply both 'x' and 'y' or a matrix-like 'x'
> cor(c_train)
                Year         Month           MEI         CO2         CH4
Year      1.00000000 -0.0279419602 -0.0369876842  0.98274939  0.91565945
Month    -0.02794196  1.0000000000  0.0008846905 -0.10673246  0.01856866
MEI      -0.03698768  0.0008846905  1.0000000000 -0.04114717 -0.03341930
CO2       0.98274939 -0.1067324607 -0.0411471651  1.00000000  0.87727963
CH4       0.91565945  0.0185686624 -0.0334193014  0.87727963  1.00000000
N2O       0.99384523  0.0136315303 -0.0508197755  0.97671982  0.89983864
CFC.11    0.56910643 -0.0131112236  0.0690004387  0.51405975  0.77990402
CFC.12    0.89701166  0.0006751102  0.0082855443  0.85268963  0.96361625
TSI       0.17030201 -0.0346061935 -0.1544919227  0.17742893  0.24552844
Aerosols -0.34524670  0.0148895406  0.3402377871 -0.35615480 -0.26780919
Temp      0.78679714 -0.0998567411  0.1724707512  0.78852921  0.70325502
                 N2O      CFC.11        CFC.12         TSI    Aerosols
Year      0.99384523  0.56910643  0.8970116635  0.17030201 -0.34524670
Month     0.01363153 -0.01311122  0.0006751102 -0.03460619  0.01488954
MEI      -0.05081978  0.06900044  0.0082855443 -0.15449192  0.34023779
CO2       0.97671982  0.51405975  0.8526896272  0.17742893 -0.35615480
CH4       0.89983864  0.77990402  0.9636162478  0.24552844 -0.26780919
N2O       1.00000000  0.52247732  0.8679307757  0.19975668 -0.33705457
CFC.11    0.52247732  1.00000000  0.8689851828  0.27204596 -0.04392120
CFC.12    0.86793078  0.86898518  1.0000000000  0.25530281 -0.22513124
TSI       0.19975668  0.27204596  0.2553028138  1.00000000  0.05211651
Aerosols -0.33705457 -0.04392120 -0.2251312440  0.05211651  1.00000000
Temp      0.77863893  0.40771029  0.6875575483  0.24338269 -0.38491375
                Temp
Year      0.78679714
Month    -0.09985674
MEI       0.17247075
CO2       0.78852921
CH4       0.70325502
N2O       0.77863893
CFC.11    0.40771029
CFC.12    0.68755755
TSI       0.24338269
Aerosols -0.38491375
Temp      1.00000000
> model1 = lm(Temp ~ MEI + N2O + TSI + Aerosols,data=c_train)
> model1 = lm(Temp ~ MEI + CO2 + CH4 + N2O + CFC.11 + CFC.12 +TSI + Aerosols,data=c_train)
> model2 = lm(Temp ~ MEI + N2O + TSI + Aerosols,data=c_train)
> summary(model2)

Call:
lm(formula = Temp ~ MEI + N2O + TSI + Aerosols, data = c_train)

Residuals:
     Min       1Q   Median       3Q      Max 
-0.27916 -0.05975 -0.00595  0.05672  0.34195 

Coefficients:
              Estimate Std. Error t value Pr(>|t|)    
(Intercept) -1.162e+02  2.022e+01  -5.747 2.37e-08 ***
MEI          6.419e-02  6.652e-03   9.649  < 2e-16 ***
N2O          2.532e-02  1.311e-03  19.307  < 2e-16 ***
TSI          7.949e-02  1.487e-02   5.344 1.89e-07 ***
Aerosols    -1.702e+00  2.180e-01  -7.806 1.19e-13 ***
---
Signif. codes:  0 ‘***’ 0.001 ‘**’ 0.01 ‘*’ 0.05 ‘.’ 0.1 ‘ ’ 1

Residual standard error: 0.09547 on 279 degrees of freedom
Multiple R-squared:  0.7261,    Adjusted R-squared:  0.7222 
F-statistic: 184.9 on 4 and 279 DF,  p-value: < 2.2e-16

> jk = step(climate)
Error in terms.default(object) : no terms component nor attribute
> jk = step(c_train)
Error in terms.default(object) : no terms component nor attribute
> step(c_train)
Error in terms.default(object) : no terms component nor attribute
> ?step
starting httpd help server ... done
> step(model1)
Start:  AIC=-1348.16
Temp ~ MEI + CO2 + CH4 + N2O + CFC.11 + CFC.12 + TSI + Aerosols

           Df Sum of Sq    RSS     AIC
- CH4       1   0.00049 2.3135 -1350.1
<none>                  2.3130 -1348.2
- N2O       1   0.03132 2.3443 -1346.3
- CO2       1   0.06719 2.3802 -1342.0
- CFC.12    1   0.11874 2.4318 -1335.9
- CFC.11    1   0.13986 2.4529 -1333.5
- TSI       1   0.33516 2.6482 -1311.7
- Aerosols  1   0.43727 2.7503 -1301.0
- MEI       1   0.82823 3.1412 -1263.2

Step:  AIC=-1350.1
Temp ~ MEI + CO2 + N2O + CFC.11 + CFC.12 + TSI + Aerosols

           Df Sum of Sq    RSS     AIC
<none>                  2.3135 -1350.1
- N2O       1   0.03133 2.3448 -1348.3
- CO2       1   0.06672 2.3802 -1344.0
- CFC.12    1   0.13023 2.4437 -1336.5
- CFC.11    1   0.13938 2.4529 -1335.5
- TSI       1   0.33500 2.6485 -1313.7
- Aerosols  1   0.43987 2.7534 -1302.7
- MEI       1   0.83118 3.1447 -1264.9

Call:
lm(formula = Temp ~ MEI + CO2 + N2O + CFC.11 + CFC.12 + TSI + 
    Aerosols, data = c_train)

Coefficients:
(Intercept)          MEI          CO2          N2O       CFC.11       CFC.12  
 -1.245e+02    6.407e-02    6.401e-03   -1.602e-02   -6.609e-03    3.868e-03  
        TSI     Aerosols  
  9.312e-02   -1.540e+00  

> Modelstep = lm(Temp~N20+MEI+CO2+CFC.11+CFC.12+TSI+Aerosols,data=c_train)
Error in eval(predvars, data, env) : object 'N20' not found
> Modelstep = lm(Temp ~ N20+MEI+CO2+CFC.11+CFC.12+TSI+Aerosols,data=c_train)
Error in eval(predvars, data, env) : object 'N20' not found
> model2 = lm(Temp ~ MEI + N2O + TSI + Aerosols,data=c_train)
> modelst = lm(Temp ~ MEI + N2O + TSI + Aerosols +CFC.11+CFC.12+CO2,data=c_train)
> summary(modelst)

Call:
lm(formula = Temp ~ MEI + N2O + TSI + Aerosols + CFC.11 + CFC.12 + 
    CO2, data = c_train)

Residuals:
     Min       1Q   Median       3Q      Max 
-0.25770 -0.05994 -0.00104  0.05588  0.32203 

Coefficients:
              Estimate Std. Error t value Pr(>|t|)    
(Intercept) -1.245e+02  1.985e+01  -6.273 1.37e-09 ***
MEI          6.407e-02  6.434e-03   9.958  < 2e-16 ***
N2O         -1.602e-02  8.287e-03  -1.933 0.054234 .  
TSI          9.312e-02  1.473e-02   6.322 1.04e-09 ***
Aerosols    -1.540e+00  2.126e-01  -7.244 4.36e-12 ***
CFC.11      -6.609e-03  1.621e-03  -4.078 5.95e-05 ***
CFC.12       3.868e-03  9.812e-04   3.942 0.000103 ***
CO2          6.402e-03  2.269e-03   2.821 0.005129 ** 
---
Signif. codes:  0 ‘***’ 0.001 ‘**’ 0.01 ‘*’ 0.05 ‘.’ 0.1 ‘ ’ 1

Residual standard error: 0.09155 on 276 degrees of freedom
Multiple R-squared:  0.7508,    Adjusted R-squared:  0.7445 
F-statistic: 118.8 on 7 and 276 DF,  p-value: < 2.2e-16

> pre = predict(modelst, newdata = c_test)
> SSE = sum((pre-c_test$Temp)^2)
> SST = sum((mean(climate$Temp-c_test$Temp)^2)
+ SST = sum((mean(climate$Temp)-c_test$Temp)^2)
Error: unexpected symbol in:
"SST = sum((mean(climate$Temp-c_test$Temp)^2)
SST"
> SST = sum((mean(climate$Temp)-c_test$Temp)^2)
> 1-SSE/SST
[1] 0.5956933
> SST = sum((mean(c_train$Temp)-c_test$Temp)^2)
> 1-SSE/SST
[1] 0.6286051
> 
